---
http_interactions:
- request:
    method: get
    uri: https://app.vagrantup.com/api/v1/box/atlas-ruby/example/version/1.1.0?access_token=test-token
    body:
      encoding: US-ASCII
      string: ''
    headers:
      User-Agent:
      - Atlas-Ruby/1.0.0
      Content-Type:
      - application/json
  response:
    status:
      code: 200
      message: 
    headers:
      Cache-Control:
      - max-age=0, private, must-revalidate
      Content-Type:
      - application/json; charset=utf-8
      Date:
      - Mon, 27 Jul 2015 17:07:41 GMT
      ETag:
      - '"59213c43cd48d48f79e05bfcd691a898"'
      Server:
      - Apache/2.2.22 (Ubuntu) Phusion_Passenger/5.0.10
      Status:
      - 200 OK
      X-Content-Type-Options:
      - nosniff
      X-Frame-Options:
      - SAMEORIGIN
      X-Powered-By:
      - Phusion Passenger 5.0.10
      X-Request-Id:
      - 5d6233db-dfe9-474f-9706-703deb9c63c5
      X-Runtime:
      - '0.049135'
      X-XSS-Protection:
      - 1; mode=block
      Content-Length:
      - '395'
      Connection:
      - keep-alive
    body:
      encoding: UTF-8
      string: '{"version":"1.1.0","status":"unreleased","description_html":null,"description_markdown":null,"created_at":"2015-07-27T16:58:07.437Z","updated_at":"2015-07-27T16:58:07.437Z","number":"1.1.0","release_url":"https://app.vagrantup.com/api/v1/box/atlas-ruby/example/version/1.1.0/release","revoke_url":"https://app.vagrantup.com/api/v1/box/atlas-ruby/example/version/1.1.0/revoke","providers":[]}'
    http_version: 
  recorded_at: Mon, 27 Jul 2015 17:07:41 GMT
- request:
    method: put
    uri: https://app.vagrantup.com/api/v1/box/atlas-ruby/example/version/1.1.0/provider/virtualbox?access_token=test-token
    body:
      encoding: UTF-8
      string: '{"provider":{"name":"virtualbox"}}'
    headers:
      User-Agent:
      - Atlas-Ruby/1.0.0
      Content-Type:
      - application/json
  response:
    status:
      code: 404
      message: 
    headers:
      Cache-Control:
      - no-cache
      Content-Type:
      - application/json; charset=utf-8
      Date:
      - Mon, 27 Jul 2015 17:07:42 GMT
      Server:
      - Apache/2.2.22 (Ubuntu) Phusion_Passenger/5.0.10
      Status:
      - 404 Not Found
      X-Content-Type-Options:
      - nosniff
      X-Frame-Options:
      - SAMEORIGIN
      X-Powered-By:
      - Phusion Passenger 5.0.10
      X-Request-Id:
      - b0cf4bb0-28bc-4f7a-a99d-198cb9cf13fe
      X-Runtime:
      - '0.047853'
      X-XSS-Protection:
      - 1; mode=block
      Content-Length:
      - '34'
      Connection:
      - keep-alive
    body:
      encoding: UTF-8
      string: '{"errors":["Resource not found!"]}'
    http_version: 
  recorded_at: Mon, 27 Jul 2015 17:07:42 GMT
- request:
    method: post
    uri: https://app.vagrantup.com/api/v1/box/atlas-ruby/example/version/1.1.0/providers?access_token=test-token
    body:
      encoding: UTF-8
      string: '{"provider":{"name":"virtualbox"}}'
    headers:
      User-Agent:
      - Atlas-Ruby/1.0.0
      Content-Type:
      - application/json
  response:
    status:
      code: 200
      message: 
    headers:
      Cache-Control:
      - max-age=0, private, must-revalidate
      Content-Type:
      - application/json; charset=utf-8
      Date:
      - Mon, 27 Jul 2015 17:07:43 GMT
      ETag:
      - '"463debc3ea9ef30e19c1d19d3140f481"'
      Server:
      - Apache/2.2.22 (Ubuntu) Phusion_Passenger/5.0.10
      Status:
      - 200 OK
      X-Content-Type-Options:
      - nosniff
      X-Frame-Options:
      - SAMEORIGIN
      X-Powered-By:
      - Phusion Passenger 5.0.10
      X-Request-Id:
      - e3052f4d-a4bf-4383-9077-d4833404a968
      X-Runtime:
      - '0.219370'
      X-XSS-Protection:
      - 1; mode=block
      Content-Length:
      - '265'
      Connection:
      - keep-alive
    body:
      encoding: UTF-8
      string: '{"name":"virtualbox","hosted":true,"hosted_token":null,"original_url":null,"created_at":"2015-07-27T17:07:43.648Z","updated_at":"2015-07-27T17:07:43.648Z","download_url":"https://app.vagrantup.com/atlas-ruby/boxes/example/versions/1.1.0/providers/virtualbox.box"}'
    http_version: 
  recorded_at: Mon, 27 Jul 2015 17:07:43 GMT
recorded_with: VCR 2.9.3
